Oct 28 15:48:43 headnode sshd[3614]: pam_unix(sshd:session): session opened for user sebastian by (uid=0)
Oct 28 15:49:32 headnode sshd[3616]: Received disconnect from 141.30.227.62: 11: disconnected by user
Oct 28 15:49:32 headnode sshd[3614]: pam_unix(sshd:session): session closed for user sebastian
Oct 28 15:49:56 headnode sshd[3627]: Accepted password for sebastian from 141.30.227.62 port 53186 ssh2
Oct 28 15:49:56 headnode sshd[3627]: pam_unix(sshd:session): session opened for user sebastian by (uid=0)
Oct 28 15:50:08 headnode sudo: sebastian : TTY=pts/0 ; PWD=/home/sebastian ; USER=root ; COMMAND=/usr/bin/vim /etc/ssh/sshd_config
Oct 28 15:50:08 headnode sudo: pam_unix(sudo:session): session opened for user root by sebastian(uid=0)
Oct 28 15:51:45 headnode sudo: pam_unix(sudo:session): session closed for user root
Oct 28 15:51:54 headnode sshd[3629]: Received disconnect from 141.30.227.62: 11: disconnected by user
Oct 28 15:51:54 headnode sshd[3627]: pam_unix(sshd:session): session closed for user sebastian
Oct 28 15:52:06 headnode sshd[3638]: Accepted password for sebastian from 141.30.227.62 port 53187 ssh2
Oct 28 15:52:06 headnode sshd[3638]: pam_unix(sshd:session): session opened for user sebastian by (uid=0)
Oct 28 15:53:47 headnode sudo: sebastian : TTY=pts/0 ; PWD=/home/sebastian ; USER=root ; COMMAND=/usr/bin/vim /etc/ssh/sshd_config
Oct 28 15:53:47 headnode sudo: pam_unix(sudo:session): session opened for user root by sebastian(uid=0)
Oct 28 15:55:40 headnode sudo: pam_unix(sudo:session): session closed for user root
Oct 28 15:56:23 headnode sudo: sebastian : TTY=pts/0 ; PWD=/home/sebastian ; USER=root ; COMMAND=/usr/bin/vim /etc/ssh/sshd_config
Oct 28 15:56:23 headnode sudo: pam_unix(sudo:session): session opened for user root by sebastian(uid=0)
Oct 28 15:57:21 headnode sudo: pam_unix(sudo:session): session closed for user root
Oct 28 15:57:33 headnode sudo: sebastian : TTY=pts/0 ; PWD=/home/sebastian ; USER=root ; COMMAND=/etc/init.d/ssh restart
Oct 28 15:57:33 headnode sudo: pam_unix(sudo:session): session opened for user root by sebastian(uid=0)
Oct 28 15:57:33 headnode sshd[1998]: Received signal 15; terminating.
Oct 28 15:57:33 headnode sshd[3664]: Server listening on 0.0.0.0 port 22.
Oct 28 15:57:33 headnode sshd[3664]: Server listening on :: port 22.
Oct 28 15:57:33 headnode sudo: pam_unix(sudo:session): session closed for user root
Oct 28 15:58:00 headnode sshd[3640]: Received disconnect from 141.30.227.62: 11: disconnected by user
Oct 28 15:58:00 headnode sshd[3638]: pam_unix(sshd:session): session closed for user sebastian
Oct 28 15:58:06 headnode sshd[3683]: Accepted password for sebastian from 141.30.227.62 port 53211 ssh2
Oct 28 15:58:06 headnode sshd[3683]: pam_unix(sshd:session): session opened for user sebastian by (uid=0)
Oct 28 15:58:31 headnode sshd[3691]: pam_unix(sshd:auth): authentication failure; logname= uid=0 euid=0 tty=ssh ruser= rhost=122.225.97.67  user=root
Oct 28 15:58:33 headnode sshd[3691]: Failed password for root from 122.225.97.67 port 11679 ssh2
Oct 28 15:58:35 headnode sshd[3691]: Failed password for root from 122.225.97.67 port 11679 ssh2
Oct 28 15:58:38 headnode sshd[3691]: Failed password for root from 122.225.97.67 port 11679 ssh2
Oct 28 15:58:40 headnode sshd[3691]: Failed password for root from 122.225.97.67 port 11679 ssh2
Oct 28 15:58:42 headnode sshd[3691]: Failed password for root from 122.225.97.67 port 11679 ssh2
Oct 28 15:58:45 headnode sshd[3691]: Failed password for root from 122.225.97.67 port 11679 ssh2
Oct 28 15:58:45 headnode sshd[3691]: Disconnecting: Too many authentication failures for root [preauth]
Oct 28 15:58:45 headnode sshd[3691]: PAM 5 more authentication failures; logname= uid=0 euid=0 tty=ssh ruser= rhost=122.225.97.67  user=root
Oct 28 15:58:45 headnode sshd[3691]: PAM service(sshd) ignoring max retries; 6 > 3
Oct 28 15:58:51 headnode sshd[3693]: pam_unix(sshd:auth): authentication failure; logname= uid=0 euid=0 tty=ssh ruser= rhost=122.225.97.67  user=root
Oct 28 15:58:52 headnode sshd[3693]: Failed password for root from 122.225.97.67 port 14715 ssh2
Oct 28 15:58:55 headnode sshd[3693]: Failed password for root from 122.225.97.67 port 14715 ssh2
Oct 28 15:58:58 headnode sshd[3693]: Failed password for root from 122.225.97.67 port 14715 ssh2
Oct 28 15:59:01 headnode sshd[3693]: Failed password for root from 122.225.97.67 port 14715 ssh2
Oct 28 15:59:03 headnode sshd[3693]: Failed password for root from 122.225.97.67 port 14715 ssh2
Oct 28 15:59:05 headnode sshd[3693]: Failed password for root from 122.225.97.67 port 14715 ssh2
Oct 28 15:59:05 headnode sshd[3693]: Disconnecting: Too many authentication failures for root [preauth]
Oct 28 15:59:05 headnode sshd[3693]: PAM 5 more authentication failures; logname= uid=0 euid=0 tty=ssh ruser= rhost=122.225.97.67  user=root
Oct 28 15:59:05 headnode sshd[3693]: PAM service(sshd) ignoring max retries; 6 > 3
Oct 28 15:59:08 headnode sshd[3697]: pam_unix(sshd:auth): authentication failure; logname= uid=0 euid=0 tty=ssh ruser= rhost=122.225.97.67  user=root
Oct 28 15:59:10 headnode sshd[3695]: pam_unix(sshd:auth): authentication failure; logname= uid=0 euid=0 tty=ssh ruser= rhost=122.225.97.67  user=root
Oct 28 15:59:10 headnode sshd[3697]: Failed password for root from 122.225.97.67 port 20704 ssh2
Oct 28 15:59:12 headnode sshd[3695]: Failed password for root from 122.225.97.67 port 16692 ssh2
Oct 28 15:59:13 headnode sshd[3697]: Failed password for root from 122.225.97.67 port 20704 ssh2
Oct 28 15:59:14 headnode sshd[3695]: Failed password for root from 122.225.97.67 port 16692 ssh2
Oct 28 15:59:15 headnode sshd[3697]: Failed password for root from 122.225.97.67 port 20704 ssh2
Oct 28 15:59:17 headnode sshd[3695]: Failed password for root from 122.225.97.67 port 16692 ssh2
Oct 28 15:59:18 headnode sshd[3697]: Failed password for root from 122.225.97.67 port 20704 ssh2
Oct 28 15:59:19 headnode sshd[3695]: Failed password for root from 122.225.97.67 port 16692 ssh2
Oct 28 15:59:20 headnode sshd[3697]: Failed password for root from 122.225.97.67 port 20704 ssh2
Oct 28 15:59:21 headnode sshd[3695]: Failed password for root from 122.225.97.67 port 16692 ssh2
Oct 28 15:59:22 headnode sshd[3697]: Failed password for root from 122.225.97.67 port 20704 ssh2
Oct 28 15:59:22 headnode sshd[3697]: Disconnecting: Too many authentication failures for root [preauth]
Oct 28 15:59:22 headnode sshd[3697]: PAM 5 more authentication failures; logname= uid=0 euid=0 tty=ssh ruser= rhost=122.225.97.67  user=root
Oct 28 15:59:22 headnode sshd[3697]: PAM service(sshd) ignoring max retries; 6 > 3
Oct 28 15:59:24 headnode sshd[3695]: Failed password for root from 122.225.97.67 port 16692 ssh2
Oct 28 15:59:24 headnode sshd[3695]: Disconnecting: Too many authentication failures for root [preauth]
Oct 28 15:59:24 headnode sshd[3695]: PAM 5 more authentication failures; logname= uid=0 euid=0 tty=ssh ruser= rhost=122.225.97.67  user=root
Oct 28 15:59:24 headnode sshd[3695]: PAM service(sshd) ignoring max retries; 6 > 3
Oct 28 15:59:25 headnode sshd[3700]: pam_unix(sshd:auth): authentication failure; logname= uid=0 euid=0 tty=ssh ruser= rhost=122.225.97.67  user=root
Oct 28 15:59:27 headnode sshd[3700]: Failed password for root from 122.225.97.67 port 24558 ssh2
Oct 28 15:59:28 headnode sshd[3702]: pam_unix(sshd:auth): authentication failure; logname= uid=0 euid=0 tty=ssh ruser= rhost=122.225.97.67  user=root
Oct 28 15:59:29 headnode sshd[3700]: Failed password for root from 122.225.97.67 port 24558 ssh2
Oct 28 15:59:30 headnode sshd[3702]: Failed password for root from 122.225.97.67 port 25105 ssh2
Oct 28 15:59:32 headnode sshd[3700]: Failed password for root from 122.225.97.67 port 24558 ssh2
Oct 28 15:59:32 headnode sshd[3704]: pam_unix(sshd:auth): authentication failure; logname= uid=0 euid=0 tty=ssh ruser= rhost=122.225.97.67  user=root
Oct 28 15:59:33 headnode sshd[3702]: Failed password for root from 122.225.97.67 port 25105 ssh2
Oct 28 15:59:34 headnode sshd[3704]: Failed password for root from 122.225.97.67 port 27237 ssh2
Oct 28 15:59:35 headnode sshd[3700]: Failed password for root from 122.225.97.67 port 24558 ssh2
Oct 28 15:59:36 headnode sshd[3702]: Failed password for root from 122.225.97.67 port 25105 ssh2
Oct 28 15:59:36 headnode sshd[3704]: Failed password for root from 122.225.97.67 port 27237 ssh2
Oct 28 15:59:39 headnode sshd[3704]: Failed password for root from 122.225.97.67 port 27237 ssh2
Oct 28 15:59:39 headnode sshd[3700]: Failed password for root from 122.225.97.67 port 24558 ssh2
Oct 28 15:59:40 headnode sshd[3702]: Failed password for root from 122.225.97.67 port 25105 ssh2
Oct 28 15:59:41 headnode sshd[3704]: Failed password for root from 122.225.97.67 port 27237 ssh2
Oct 28 15:59:42 headnode sshd[3700]: Failed password for root from 122.225.97.67 port 24558 ssh2
Oct 28 15:59:42 headnode sshd[3700]: Disconnecting: Too many authentication failures for root [preauth]
Oct 28 15:59:42 headnode sshd[3700]: PAM 5 more authentication failures; logname= uid=0 euid=0 tty=ssh ruser= rhost=122.225.97.67  user=root
Oct 28 15:59:42 headnode sshd[3700]: PAM service(sshd) ignoring max retries; 6 > 3
Oct 28 15:59:44 headnode sshd[3702]: Failed password for root from 122.225.97.67 port 25105 ssh2
Oct 28 15:59:45 headnode sshd[3704]: Failed password for root from 122.225.97.67 port 27237 ssh2
Oct 28 15:59:47 headnode sshd[3704]: Failed password for root from 122.225.97.67 port 27237 ssh2
Oct 28 15:59:47 headnode sshd[3704]: Disconnecting: Too many authentication failures for root [preauth]
Oct 28 15:59:47 headnode sshd[3704]: PAM 5 more authentication failures; logname= uid=0 euid=0 tty=ssh ruser= rhost=122.225.97.67  user=root
Oct 28 15:59:47 headnode sshd[3704]: PAM service(sshd) ignoring max retries; 6 > 3
Oct 28 15:59:48 headnode sshd[3702]: Failed password for root from 122.225.97.67 port 25105 ssh2
Oct 28 15:59:48 headnode sshd[3702]: Disconnecting: Too many authentication failures for root [preauth]
Oct 28 15:59:48 headnode sshd[3702]: PAM 5 more authentication failures; logname= uid=0 euid=0 tty=ssh ruser= rhost=122.225.97.67  user=root
Oct 28 15:59:48 headnode sshd[3702]: PAM service(sshd) ignoring max retries; 6 > 3
Oct 28 15:59:49 headnode sshd[3706]: pam_unix(sshd:auth): authentication failure; logname= uid=0 euid=0 tty=ssh ruser= rhost=122.225.97.67  user=root
Oct 28 15:59:51 headnode sshd[3706]: Failed password for root from 122.225.97.67 port 31498 ssh2
Oct 28 15:59:52 headnode sshd[3709]: pam_unix(sshd:auth): authentication failure; logname= uid=0 euid=0 tty=ssh ruser= rhost=122.225.97.67  user=root
Oct 28 15:59:53 headnode sshd[3711]: pam_unix(sshd:auth): authentication failure; logname= uid=0 euid=0 tty=ssh ruser= rhost=122.225.97.67  user=root
Oct 28 15:59:54 headnode sshd[3706]: Failed password for root from 122.225.97.67 port 31498 ssh2
Oct 28 15:59:54 headnode sshd[3709]: Failed password for root from 122.225.97.67 port 32584 ssh2
Oct 28 15:59:56 headnode sshd[3711]: Failed password for root from 122.225.97.67 port 32754 ssh2
Oct 28 15:59:56 headnode sshd[3706]: Failed password for root from 122.225.97.67 port 31498 ssh2
Oct 28 15:59:58 headnode sshd[3709]: Failed password for root from 122.225.97.67 port 32584 ssh2
Oct 28 15:59:59 headnode sshd[3711]: Failed password for root from 122.225.97.67 port 32754 ssh2
Oct 28 15:59:59 headnode sshd[3706]: Failed password for root from 122.225.97.67 port 31498 ssh2
Oct 28 16:00:00 headnode sshd[3709]: Failed password for root from 122.225.97.67 port 32584 ssh2
Oct 28 16:00:02 headnode sshd[3713]: Connection closed by 141.76.90.5 [preauth]
Oct 28 16:00:03 headnode sshd[3711]: Failed password for root from 122.225.97.67 port 32754 ssh2
Oct 28 16:00:03 headnode sshd[3709]: Failed password for root from 122.225.97.67 port 32584 ssh2
Oct 28 16:00:04 headnode sshd[3706]: Failed password for root from 122.225.97.67 port 31498 ssh2
Oct 28 16:00:06 headnode sshd[3709]: Failed password for root from 122.225.97.67 port 32584 ssh2
Oct 28 16:00:07 headnode sshd[3711]: Failed password for root from 122.225.97.67 port 32754 ssh2
Oct 28 16:00:07 headnode sshd[3706]: Failed password for root from 122.225.97.67 port 31498 ssh2
Oct 28 16:00:07 headnode sshd[3706]: Disconnecting: Too many authentication failures for root [preauth]
Oct 28 16:00:07 headnode sshd[3706]: PAM 5 more authentication failures; logname= uid=0 euid=0 tty=ssh ruser= rhost=122.225.97.67  user=root
Oct 28 16:00:07 headnode sshd[3706]: PAM service(sshd) ignoring max retries; 6 > 3
Oct 28 16:00:09 headnode sshd[3709]: Failed password for root from 122.225.97.67 port 32584 ssh2
Oct 28 16:00:09 headnode sshd[3709]: Disconnecting: Too many authentication failures for root [preauth]
Oct 28 16:00:09 headnode sshd[3709]: PAM 5 more authentication failures; logname= uid=0 euid=0 tty=ssh ruser= rhost=122.225.97.67  user=root
Oct 28 16:00:09 headnode sshd[3709]: PAM service(sshd) ignoring max retries; 6 > 3
Oct 28 16:00:11 headnode sshd[3711]: Failed password for root from 122.225.97.67 port 32754 ssh2
Oct 28 16:00:23 headnode sshd[3715]: pam_unix(sshd:auth): authentication failure; logname= uid=0 euid=0 tty=ssh ruser= rhost=122.225.97.67  user=root
Oct 28 16:00:23 headnode sshd[3717]: pam_unix(sshd:auth): authentication failure; logname= uid=0 euid=0 tty=ssh ruser= rhost=122.225.97.67  user=root
Oct 28 16:00:25 headnode sshd[3715]: Failed password for root from 122.225.97.67 port 37050 ssh2
Oct 28 16:00:25 headnode sshd[3711]: Failed password for root from 122.225.97.67 port 32754 ssh2
Oct 28 16:00:25 headnode sshd[3711]: Disconnecting: Too many authentication failures for root [preauth]
Oct 28 16:00:25 headnode sshd[3711]: PAM 5 more authentication failures; logname= uid=0 euid=0 tty=ssh ruser= rhost=122.225.97.67  user=root
Oct 28 16:00:25 headnode sshd[3711]: PAM service(sshd) ignoring max retries; 6 > 3
Oct 28 16:00:25 headnode sshd[3717]: Failed password for root from 122.225.97.67 port 37361 ssh2
Oct 28 16:00:28 headnode sshd[3715]: Failed password for root from 122.225.97.67 port 37050 ssh2
Oct 28 16:00:28 headnode sshd[3720]: pam_unix(sshd:auth): authentication failure; logname= uid=0 euid=0 tty=ssh ruser= rhost=122.225.97.67  user=root
Oct 28 16:00:29 headnode sshd[3717]: Failed password for root from 122.225.97.67 port 37361 ssh2
Oct 28 16:00:30 headnode sshd[3715]: Failed password for root from 122.225.97.67 port 37050 ssh2
Oct 28 16:00:31 headnode sshd[3720]: Failed password for root from 122.225.97.67 port 39037 ssh2
Oct 28 16:00:31 headnode sshd[3717]: Failed password for root from 122.225.97.67 port 37361 ssh2
Oct 28 16:00:33 headnode sshd[3715]: Failed password for root from 122.225.97.67 port 37050 ssh2
Oct 28 16:00:33 headnode sshd[3720]: Failed password for root from 122.225.97.67 port 39037 ssh2
Oct 28 16:00:33 headnode sshd[3717]: Failed password for root from 122.225.97.67 port 37361 ssh2
Oct 28 16:00:35 headnode sshd[3715]: Failed password for root from 122.225.97.67 port 37050 ssh2
Oct 28 16:00:35 headnode sshd[3720]: Failed password for root from 122.225.97.67 port 39037 ssh2
Oct 28 16:00:36 headnode sshd[3717]: Failed password for root from 122.225.97.67 port 37361 ssh2
Oct 28 16:00:38 headnode sshd[3715]: Failed password for root from 122.225.97.67 port 37050 ssh2
Oct 28 16:00:38 headnode sshd[3715]: Disconnecting: Too many authentication failures for root [preauth]
Oct 28 16:00:38 headnode sshd[3715]: PAM 5 more authentication failures; logname= uid=0 euid=0 tty=ssh ruser= rhost=122.225.97.67  user=root
Oct 28 16:00:38 headnode sshd[3715]: PAM service(sshd) ignoring max retries; 6 > 3
Oct 28 16:00:38 headnode sshd[3720]: Failed password for root from 122.225.97.67 port 39037 ssh2
Oct 28 16:00:38 headnode sshd[3717]: Failed password for root from 122.225.97.67 port 37361 ssh2
Oct 28 16:00:38 headnode sshd[3717]: Disconnecting: Too many authentication failures for root [preauth]
Oct 28 16:00:38 headnode sshd[3717]: PAM 5 more authentication failures; logname= uid=0 euid=0 tty=ssh ruser= rhost=122.225.97.67  user=root
Oct 28 16:00:38 headnode sshd[3717]: PAM service(sshd) ignoring max retries; 6 > 3
Oct 28 16:00:40 headnode sshd[3720]: Failed password for root from 122.225.97.67 port 39037 ssh2
Oct 28 16:00:43 headnode sshd[3720]: Failed password for root from 122.225.97.67 port 39037 ssh2
Oct 28 16:00:43 headnode sshd[3720]: Disconnecting: Too many authentication failures for root [preauth]
Oct 28 16:00:43 headnode sshd[3720]: PAM 5 more authentication failures; logname= uid=0 euid=0 tty=ssh ruser= rhost=122.225.97.67  user=root
Oct 28 16:00:43 headnode sshd[3720]: PAM service(sshd) ignoring max retries; 6 > 3
Oct 28 16:00:43 headnode sshd[3723]: pam_unix(sshd:auth): authentication failure; logname= uid=0 euid=0 tty=ssh ruser= rhost=122.225.97.67  user=root
Oct 28 16:00:44 headnode sshd[3725]: pam_unix(sshd:auth): authentication failure; logname= uid=0 euid=0 tty=ssh ruser= rhost=122.225.97.67  user=root
Oct 28 16:00:45 headnode sshd[3723]: Failed password for root from 122.225.97.67 port 43769 ssh2
Oct 28 16:00:47 headnode sshd[3725]: Failed password for root from 122.225.97.67 port 43468 ssh2
Oct 28 16:00:48 headnode sshd[3723]: Failed password for root from 122.225.97.67 port 43769 ssh2
Oct 28 16:00:49 headnode sshd[3727]: pam_unix(sshd:auth): authentication failure; logname= uid=0 euid=0 tty=ssh ruser= rhost=122.225.109.196  user=root
Oct 28 16:00:50 headnode sshd[3725]: Failed password for root from 122.225.97.67 port 43468 ssh2
Oct 28 16:00:51 headnode sshd[3723]: Failed password for root from 122.225.97.67 port 43769 ssh2
Oct 28 16:00:52 headnode sshd[3727]: Failed password for root from 122.225.109.196 port 5069 ssh2
Oct 28 16:00:52 headnode sshd[3729]: pam_unix(sshd:auth): authentication failure; logname= uid=0 euid=0 tty=ssh ruser= rhost=122.225.97.67  user=root
Oct 28 16:00:52 headnode sshd[3725]: Failed password for root from 122.225.97.67 port 43468 ssh2
Oct 28 16:00:53 headnode sshd[3723]: Failed password for root from 122.225.97.67 port 43769 ssh2
Oct 28 16:00:54 headnode sshd[3727]: Failed password for root from 122.225.109.196 port 5069 ssh2
Oct 28 16:00:54 headnode sshd[3729]: Failed password for root from 122.225.97.67 port 45320 ssh2
Oct 28 16:00:55 headnode sshd[3725]: Failed password for root from 122.225.97.67 port 43468 ssh2
Oct 28 16:00:55 headnode sshd[3723]: Failed password for root from 122.225.97.67 port 43769 ssh2
Oct 28 16:00:57 headnode sshd[3729]: Failed password for root from 122.225.97.67 port 45320 ssh2
Oct 28 16:00:57 headnode sshd[3727]: Failed password for root from 122.225.109.196 port 5069 ssh2
Oct 28 16:00:58 headnode sshd[3725]: Failed password for root from 122.225.97.67 port 43468 ssh2
Oct 28 16:00:58 headnode sshd[3723]: Failed password for root from 122.225.97.67 port 43769 ssh2
Oct 28 16:00:58 headnode sshd[3723]: Disconnecting: Too many authentication failures for root [preauth]
Oct 28 16:00:58 headnode sshd[3723]: PAM 5 more authentication failures; logname= uid=0 euid=0 tty=ssh ruser= rhost=122.225.97.67  user=root
Oct 28 16:00:58 headnode sshd[3723]: PAM service(sshd) ignoring max retries; 6 > 3
Oct 28 16:00:59 headnode sshd[3729]: Failed password for root from 122.225.97.67 port 45320 ssh2
Oct 28 16:01:01 headnode sshd[3725]: Failed password for root from 122.225.97.67 port 43468 ssh2
Oct 28 16:01:01 headnode sshd[3725]: Disconnecting: Too many authentication failures for root [preauth]
Oct 28 16:01:01 headnode sshd[3725]: PAM 5 more authentication failures; logname= uid=0 euid=0 tty=ssh ruser= rhost=122.225.97.67  user=root
Oct 28 16:01:01 headnode sshd[3725]: PAM service(sshd) ignoring max retries; 6 > 3
Oct 28 16:01:01 headnode sshd[3727]: Failed password for root from 122.225.109.196 port 5069 ssh2
Oct 28 16:01:01 headnode sshd[3731]: pam_unix(sshd:auth): authentication failure; logname= uid=0 euid=0 tty=ssh ruser= rhost=122.225.97.67  user=root
Oct 28 16:01:02 headnode sshd[3729]: Failed password for root from 122.225.97.67 port 45320 ssh2
Oct 28 16:01:04 headnode sshd[3727]: Failed password for root from 122.225.109.196 port 5069 ssh2
Oct 28 16:01:04 headnode sshd[3731]: Failed password for root from 122.225.97.67 port 51032 ssh2
Oct 28 16:01:04 headnode sshd[3733]: pam_unix(sshd:auth): authentication failure; logname= uid=0 euid=0 tty=ssh ruser= rhost=122.225.97.67  user=root
Oct 28 16:01:05 headnode sshd[3729]: Failed password for root from 122.225.97.67 port 45320 ssh2
Oct 28 16:01:06 headnode sshd[3727]: Failed password for root from 122.225.109.196 port 5069 ssh2
Oct 28 16:01:06 headnode sshd[3727]: Disconnecting: Too many authentication failures for root [preauth]
Oct 28 16:01:06 headnode sshd[3727]: PAM 5 more authentication failures; logname= uid=0 euid=0 tty=ssh ruser= rhost=122.225.109.196  user=root
Oct 28 16:01:06 headnode sshd[3727]: PAM service(sshd) ignoring max retries; 6 > 3
Oct 28 16:01:06 headnode sshd[3731]: Failed password for root from 122.225.97.67 port 51032 ssh2
Oct 28 16:01:06 headnode sshd[3733]: Failed password for root from 122.225.97.67 port 52032 ssh2
Oct 28 16:01:07 headnode sshd[3729]: Failed password for root from 122.225.97.67 port 45320 ssh2
Oct 28 16:01:07 headnode sshd[3729]: Disconnecting: Too many authentication failures for root [preauth]
Oct 28 16:01:07 headnode sshd[3729]: PAM 5 more authentication failures; logname= uid=0 euid=0 tty=ssh ruser= rhost=122.225.97.67  user=root
Oct 28 16:01:07 headnode sshd[3729]: PAM service(sshd) ignoring max retries; 6 > 3
Oct 28 16:01:09 headnode sshd[3733]: Failed password for root from 122.225.97.67 port 52032 ssh2
Oct 28 16:01:10 headnode sshd[3731]: Failed password for root from 122.225.97.67 port 51032 ssh2
Oct 28 16:01:12 headnode sshd[3733]: Failed password for root from 122.225.97.67 port 52032 ssh2
Oct 28 16:01:12 headnode sshd[3735]: pam_unix(sshd:auth): authentication failure; logname= uid=0 euid=0 tty=ssh ruser= rhost=122.225.109.196  user=root
Oct 28 16:01:14 headnode sshd[3733]: Failed password for root from 122.225.97.67 port 52032 ssh2
Oct 28 16:01:14 headnode sshd[3735]: Failed password for root from 122.225.109.196 port 7863 ssh2
Oct 28 16:01:15 headnode sshd[3737]: pam_unix(sshd:auth): authentication failure; logname= uid=0 euid=0 tty=ssh ruser= rhost=122.225.97.67  user=root
Oct 28 16:01:15 headnode sshd[3731]: Failed password for root from 122.225.97.67 port 51032 ssh2
Oct 28 16:01:17 headnode sshd[3733]: Failed password for root from 122.225.97.67 port 52032 ssh2
Oct 28 16:01:17 headnode sshd[3735]: Failed password for root from 122.225.109.196 port 7863 ssh2
Oct 28 16:01:17 headnode sshd[3737]: Failed password for root from 122.225.97.67 port 55173 ssh2
Oct 28 16:01:17 headnode sshd[3731]: Failed password for root from 122.225.97.67 port 51032 ssh2
Oct 28 16:01:18 headnode sshd[3739]: Did not receive identification string from 122.225.109.196
Oct 28 16:01:20 headnode sshd[3733]: Failed password for root from 122.225.97.67 port 52032 ssh2
Oct 28 16:01:20 headnode sshd[3733]: Disconnecting: Too many authentication failures for root [preauth]
Oct 28 16:01:20 headnode sshd[3733]: PAM 5 more authentication failures; logname= uid=0 euid=0 tty=ssh ruser= rhost=122.225.97.67  user=root
Oct 28 16:01:20 headnode sshd[3733]: PAM service(sshd) ignoring max retries; 6 > 3
Oct 28 16:01:20 headnode sshd[3735]: Failed password for root from 122.225.109.196 port 7863 ssh2
Oct 28 16:01:20 headnode sshd[3737]: Failed password for root from 122.225.97.67 port 55173 ssh2
Oct 28 16:01:20 headnode sshd[3731]: Failed password for root from 122.225.97.67 port 51032 ssh2
Oct 28 16:01:20 headnode sshd[3731]: Disconnecting: Too many authentication failures for root [preauth]
Oct 28 16:01:20 headnode sshd[3731]: PAM 5 more authentication failures; logname= uid=0 euid=0 tty=ssh ruser= rhost=122.225.97.67  user=root
Oct 28 16:01:20 headnode sshd[3731]: PAM service(sshd) ignoring max retries; 6 > 3
Oct 28 16:01:22 headnode sshd[3735]: Failed password for root from 122.225.109.196 port 7863 ssh2
Oct 28 16:01:23 headnode sshd[3737]: Failed password for root from 122.225.97.67 port 55173 ssh2
Oct 28 16:01:23 headnode sshd[3740]: pam_unix(sshd:auth): authentication failure; logname= uid=0 euid=0 tty=ssh ruser= rhost=122.225.97.67  user=root
Oct 28 16:01:23 headnode sshd[3742]: pam_unix(sshd:auth): authentication failure; logname= uid=0 euid=0 tty=ssh ruser= rhost=122.225.97.67  user=root
Oct 28 16:01:25 headnode sshd[3740]: Failed password for root from 122.225.97.67 port 3041 ssh2
Oct 28 16:01:25 headnode sshd[3735]: Failed password for root from 122.225.109.196 port 7863 ssh2
Oct 28 16:01:25 headnode sshd[3742]: Failed password for root from 122.225.97.67 port 3199 ssh2
Oct 28 16:01:25 headnode sshd[3737]: Failed password for root from 122.225.97.67 port 55173 ssh2
Oct 28 16:01:28 headnode sshd[3740]: Failed password for root from 122.225.97.67 port 3041 ssh2
Oct 28 16:01:28 headnode sshd[3735]: Failed password for root from 122.225.109.196 port 7863 ssh2
Oct 28 16:01:28 headnode sshd[3735]: Disconnecting: Too many authentication failures for root [preauth]
Oct 28 16:01:28 headnode sshd[3735]: PAM 5 more authentication failures; logname= uid=0 euid=0 tty=ssh ruser= rhost=122.225.109.196  user=root
Oct 28 16:01:28 headnode sshd[3735]: PAM service(sshd) ignoring max retries; 6 > 3
Oct 28 16:01:28 headnode sshd[3742]: Failed password for root from 122.225.97.67 port 3199 ssh2
Oct 28 16:01:30 headnode sshd[3740]: Failed password for root from 122.225.97.67 port 3041 ssh2
Oct 28 16:01:30 headnode sshd[3737]: Failed password for root from 122.225.97.67 port 55173 ssh2
Oct 28 16:01:30 headnode sshd[3742]: Failed password for root from 122.225.97.67 port 3199 ssh2
Oct 28 16:01:31 headnode sshd[3744]: pam_unix(sshd:auth): authentication failure; logname= uid=0 euid=0 tty=ssh ruser= rhost=122.225.109.196  user=root
Oct 28 16:01:33 headnode sshd[3740]: Failed password for root from 122.225.97.67 port 3041 ssh2
Oct 28 16:01:33 headnode sshd[3737]: Failed password for root from 122.225.97.67 port 55173 ssh2
Oct 28 16:01:33 headnode sshd[3737]: Disconnecting: Too many authentication failures for root [preauth]
Oct 28 16:01:33 headnode sshd[3737]: PAM 5 more authentication failures; logname= uid=0 euid=0 tty=ssh ruser= rhost=122.225.97.67  user=root
Oct 28 16:01:33 headnode sshd[3737]: PAM service(sshd) ignoring max retries; 6 > 3
Oct 28 16:01:33 headnode sshd[3742]: Failed password for root from 122.225.97.67 port 3199 ssh2
Oct 28 16:01:34 headnode sshd[3744]: Failed password for root from 122.225.109.196 port 12782 ssh2
Oct 28 16:01:35 headnode sshd[3740]: Failed password for root from 122.225.97.67 port 3041 ssh2
Oct 28 16:01:36 headnode sshd[3742]: Failed password for root from 122.225.97.67 port 3199 ssh2
Oct 28 16:01:36 headnode sshd[3744]: Failed password for root from 122.225.109.196 port 12782 ssh2
Oct 28 16:01:37 headnode sshd[3746]: pam_unix(sshd:auth): authentication failure; logname= uid=0 euid=0 tty=ssh ruser= rhost=122.225.97.67  user=root
Oct 28 16:01:37 headnode sshd[3740]: Failed password for root from 122.225.97.67 port 3041 ssh2
Oct 28 16:01:37 headnode sshd[3740]: Disconnecting: Too many authentication failures for root [preauth]
Oct 28 16:01:37 headnode sshd[3740]: PAM 5 more authentication failures; logname= uid=0 euid=0 tty=ssh ruser= rhost=122.225.97.67  user=root
Oct 28 16:01:37 headnode sshd[3740]: PAM service(sshd) ignoring max retries; 6 > 3
Oct 28 16:01:39 headnode sshd[3742]: Failed password for root from 122.225.97.67 port 3199 ssh2
Oct 28 16:01:39 headnode sshd[3742]: Disconnecting: Too many authentication failures for root [preauth]
Oct 28 16:01:39 headnode sshd[3742]: PAM 5 more authentication failures; logname= uid=0 euid=0 tty=ssh ruser= rhost=122.225.97.67  user=root
Oct 28 16:01:39 headnode sshd[3742]: PAM service(sshd) ignoring max retries; 6 > 3
Oct 28 16:01:39 headnode sshd[3746]: Failed password for root from 122.225.97.67 port 7975 ssh2
Oct 28 16:01:39 headnode sshd[3744]: Failed password for root from 122.225.109.196 port 12782 ssh2
Oct 28 16:01:40 headnode sudo: sebastian : TTY=pts/0 ; PWD=/home/sebastian ; USER=root ; COMMAND=/usr/bin/vim /etc/ssh/sshd_config
Oct 28 16:01:40 headnode sudo: pam_unix(sudo:session): session opened for user root by sebastian(uid=0)
Oct 28 16:01:41 headnode sshd[3748]: pam_unix(sshd:auth): authentication failure; logname= uid=0 euid=0 tty=ssh ruser= rhost=122.225.97.67  user=root
Oct 28 16:01:41 headnode sshd[3744]: Failed password for root from 122.225.109.196 port 12782 ssh2
Oct 28 16:01:41 headnode sshd[3746]: Failed password for root from 122.225.97.67 port 7975 ssh2
Oct 28 16:01:42 headnode sshd[3750]: pam_unix(sshd:auth): authentication failure; logname= uid=0 euid=0 tty=ssh ruser= rhost=122.225.97.67  user=root
Oct 28 16:01:43 headnode sshd[3748]: Failed password for root from 122.225.97.67 port 9699 ssh2
Oct 28 16:01:44 headnode sshd[3744]: Failed password for root from 122.225.109.196 port 12782 ssh2
Oct 28 16:01:44 headnode sshd[3746]: Failed password for root from 122.225.97.67 port 7975 ssh2
Oct 28 16:01:44 headnode sshd[3750]: Failed password for root from 122.225.97.67 port 10168 ssh2
Oct 28 16:01:46 headnode sshd[3748]: Failed password for root from 122.225.97.67 port 9699 ssh2
Oct 28 16:01:46 headnode sshd[3744]: Failed password for root from 122.225.109.196 port 12782 ssh2
Oct 28 16:01:46 headnode sshd[3744]: Disconnecting: Too many authentication failures for root [preauth]
Oct 28 16:01:46 headnode sshd[3744]: PAM 5 more authentication failures; logname= uid=0 euid=0 tty=ssh ruser= rhost=122.225.109.196  user=root
Oct 28 16:01:46 headnode sshd[3744]: PAM service(sshd) ignoring max retries; 6 > 3
Oct 28 16:01:47 headnode sshd[3750]: Failed password for root from 122.225.97.67 port 10168 ssh2
Oct 28 16:01:47 headnode sshd[3746]: Failed password for root from 122.225.97.67 port 7975 ssh2
Oct 28 16:01:48 headnode sshd[3748]: Failed password for root from 122.225.97.67 port 9699 ssh2
Oct 28 16:01:49 headnode sshd[3750]: Failed password for root from 122.225.97.67 port 10168 ssh2
Oct 28 16:01:49 headnode sshd[3754]: pam_unix(sshd:auth): authentication failure; logname= uid=0 euid=0 tty=ssh ruser= rhost=122.225.109.196  user=root
Oct 28 16:01:50 headnode sshd[3746]: Failed password for root from 122.225.97.67 port 7975 ssh2
Oct 28 16:01:51 headnode sshd[3748]: Failed password for root from 122.225.97.67 port 9699 ssh2
Oct 28 16:01:51 headnode sshd[3754]: Failed password for root from 122.225.109.196 port 16058 ssh2
Oct 28 16:01:52 headnode sshd[3750]: Failed password for root from 122.225.97.67 port 10168 ssh2
Oct 28 16:01:52 headnode sshd[3746]: Failed password for root from 122.225.97.67 port 7975 ssh2
Oct 28 16:01:52 headnode sshd[3746]: Disconnecting: Too many authentication failures for root [preauth]
Oct 28 16:01:52 headnode sshd[3746]: PAM 5 more authentication failures; logname= uid=0 euid=0 tty=ssh ruser= rhost=122.225.97.67  user=root
Oct 28 16:01:52 headnode sshd[3746]: PAM service(sshd) ignoring max retries; 6 > 3
Oct 28 16:01:53 headnode sshd[3748]: Failed password for root from 122.225.97.67 port 9699 ssh2
Oct 28 16:01:53 headnode sshd[3754]: Failed password for root from 122.225.109.196 port 16058 ssh2
Oct 28 16:01:55 headnode sshd[3750]: Failed password for root from 122.225.97.67 port 10168 ssh2
Oct 28 16:01:55 headnode sshd[3748]: Failed password for root from 122.225.97.67 port 9699 ssh2
Oct 28 16:01:55 headnode sshd[3748]: Disconnecting: Too many authentication failures for root [preauth]
Oct 28 16:01:55 headnode sshd[3748]: PAM 5 more authentication failures; logname= uid=0 euid=0 tty=ssh ruser= rhost=122.225.97.67  user=root
Oct 28 16:01:55 headnode sshd[3748]: PAM service(sshd) ignoring max retries; 6 > 3
Oct 28 16:01:56 headnode sshd[3756]: pam_unix(sshd:auth): authentication failure; logname= uid=0 euid=0 tty=ssh ruser= rhost=122.225.97.67  user=root
Oct 28 16:01:56 headnode sshd[3754]: Failed password for root from 122.225.109.196 port 16058 ssh2
Oct 28 16:01:57 headnode sudo: pam_unix(sudo:session): session closed for user root
Oct 28 16:01:58 headnode sshd[3750]: Failed password for root from 122.225.97.67 port 10168 ssh2
Oct 28 16:01:58 headnode sshd[3750]: Disconnecting: Too many authentication failures for root [preauth]
Oct 28 16:01:58 headnode sshd[3750]: PAM 5 more authentication failures; logname= uid=0 euid=0 tty=ssh ruser= rhost=122.225.97.67  user=root
Oct 28 16:01:58 headnode sshd[3750]: PAM service(sshd) ignoring max retries; 6 > 3
Oct 28 16:01:58 headnode sshd[3758]: pam_unix(sshd:auth): authentication failure; logname= uid=0 euid=0 tty=ssh ruser= rhost=122.225.97.67  user=root
Oct 28 16:01:59 headnode sshd[3756]: Failed password for root from 122.225.97.67 port 15322 ssh2
Oct 28 16:01:59 headnode sshd[3754]: Failed password for root from 122.225.109.196 port 16058 ssh2
Oct 28 16:02:00 headnode sshd[3758]: Failed password for root from 122.225.97.67 port 16528 ssh2
Oct 28 16:02:01 headnode sshd[3760]: pam_unix(sshd:auth): authentication failure; logname= uid=0 euid=0 tty=ssh ruser= rhost=122.225.109.196  user=root
Oct 28 16:02:01 headnode sshd[3756]: Failed password for root from 122.225.97.67 port 15322 ssh2
Oct 28 16:02:01 headnode sshd[3754]: Failed password for root from 122.225.109.196 port 16058 ssh2
Oct 28 16:02:03 headnode sshd[3758]: Failed password for root from 122.225.97.67 port 16528 ssh2
Oct 28 16:02:03 headnode sshd[3762]: pam_unix(sshd:auth): authentication failure; logname= uid=0 euid=0 tty=ssh ruser= rhost=122.225.97.67  user=root
Oct 28 16:02:03 headnode sshd[3760]: Failed password for root from 122.225.109.196 port 18878 ssh2
Oct 28 16:02:04 headnode sshd[3756]: Failed password for root from 122.225.97.67 port 15322 ssh2
Oct 28 16:02:04 headnode sshd[3754]: Failed password for root from 122.225.109.196 port 16058 ssh2
Oct 28 16:02:04 headnode sshd[3754]: Disconnecting: Too many authentication failures for root [preauth]
Oct 28 16:02:04 headnode sshd[3754]: PAM 5 more authentication failures; logname= uid=0 euid=0 tty=ssh ruser= rhost=122.225.109.196  user=root
Oct 28 16:02:04 headnode sshd[3754]: PAM service(sshd) ignoring max retries; 6 > 3
Oct 28 16:02:04 headnode sshd[3762]: Failed password for root from 122.225.97.67 port 17855 ssh2
Oct 28 16:02:05 headnode sshd[3758]: Failed password for root from 122.225.97.67 port 16528 ssh2
Oct 28 16:02:05 headnode sshd[3760]: Failed password for root from 122.225.109.196 port 18878 ssh2
Oct 28 16:02:07 headnode sshd[3756]: Failed password for root from 122.225.97.67 port 15322 ssh2
Oct 28 16:02:07 headnode sshd[3762]: Failed password for root from 122.225.97.67 port 17855 ssh2
Oct 28 16:02:07 headnode sshd[3758]: Failed password for root from 122.225.97.67 port 16528 ssh2
Oct 28 16:02:08 headnode sshd[3760]: Failed password for root from 122.225.109.196 port 18878 ssh2
Oct 28 16:02:09 headnode sudo: sebastian : TTY=pts/0 ; PWD=/home/sebastian ; USER=root ; COMMAND=/etc/init.d/ssh restart
Oct 28 16:02:09 headnode sudo: pam_unix(sudo:session): session opened for user root by sebastian(uid=0)
Oct 28 16:02:09 headnode sshd[3664]: Received signal 15; terminating.
Oct 28 16:02:09 headnode sshd[3779]: Server listening on 0.0.0.0 port 22.
Oct 28 16:02:09 headnode sshd[3779]: Server listening on :: port 22.
Oct 28 16:02:09 headnode sudo: pam_unix(sudo:session): session closed for user root
Oct 28 16:02:10 headnode sshd[3764]: pam_unix(sshd:auth): authentication failure; logname= uid=0 euid=0 tty=ssh ruser= rhost=122.225.109.196  user=root
Oct 28 16:02:10 headnode sshd[3756]: Failed password for root from 122.225.97.67 port 15322 ssh2
Oct 28 16:02:10 headnode sshd[3758]: Failed password for root from 122.225.97.67 port 16528 ssh2
Oct 28 16:02:11 headnode sshd[3762]: Failed password for root from 122.225.97.67 port 17855 ssh2
Oct 28 16:02:11 headnode sshd[3760]: Failed password for root from 122.225.109.196 port 18878 ssh2
Oct 28 16:02:11 headnode sshd[3758]: fatal: Read from socket failed: Connection reset by peer [preauth]
Oct 28 16:02:11 headnode sshd[3758]: PAM 4 more authentication failures; logname= uid=0 euid=0 tty=ssh ruser= rhost=122.225.97.67  user=root
Oct 28 16:02:11 headnode sshd[3758]: PAM service(sshd) ignoring max retries; 5 > 3
Oct 28 16:02:11 headnode sshd[3762]: fatal: Read from socket failed: Connection reset by peer [preauth]
Oct 28 16:02:11 headnode sshd[3762]: PAM 2 more authentication failures; logname= uid=0 euid=0 tty=ssh ruser= rhost=122.225.97.67  user=root
Oct 28 16:02:12 headnode sshd[3764]: Failed password for root from 122.225.109.196 port 20736 ssh2
Oct 28 16:02:13 headnode sshd[3685]: Received disconnect from 141.30.227.62: 11: disconnected by user
Oct 28 16:02:13 headnode sshd[3683]: pam_unix(sshd:session): session closed for user sebastian
Oct 28 16:02:13 headnode sshd[3756]: Failed password for root from 122.225.97.67 port 15322 ssh2
Oct 28 16:02:13 headnode sshd[3756]: Disconnecting: Too many authentication failures for root [preauth]
Oct 28 16:02:13 headnode sshd[3756]: fatal: Write failed: Connection reset by peer [preauth]
Oct 28 16:02:13 headnode sshd[3756]: PAM 5 more authentication failures; logname= uid=0 euid=0 tty=ssh ruser= rhost=122.225.97.67  user=root
Oct 28 16:02:13 headnode sshd[3756]: PAM service(sshd) ignoring max retries; 6 > 3
Oct 28 16:02:14 headnode sshd[3760]: Failed password for root from 122.225.109.196 port 18878 ssh2
Oct 28 16:02:15 headnode sshd[3764]: Failed password for root from 122.225.109.196 port 20736 ssh2
Oct 28 16:02:16 headnode sshd[3760]: Failed password for root from 122.225.109.196 port 18878 ssh2
Oct 28 16:02:16 headnode sshd[3760]: Disconnecting: Too many authentication failures for root [preauth]
Oct 28 16:02:16 headnode sshd[3760]: PAM 5 more authentication failures; logname= uid=0 euid=0 tty=ssh ruser= rhost=122.225.109.196  user=root
Oct 28 16:02:16 headnode sshd[3760]: PAM service(sshd) ignoring max retries; 6 > 3
Oct 28 16:02:17 headnode sshd[3764]: Failed password for root from 122.225.109.196 port 20736 ssh2
Oct 28 16:02:19 headnode sshd[3764]: Failed password for root from 122.225.109.196 port 20736 ssh2
Oct 28 16:02:19 headnode sshd[3800]: pam_unix(sshd:auth): authentication failure; logname= uid=0 euid=0 tty=ssh ruser= rhost=122.225.109.196  user=root
Oct 28 16:02:22 headnode sshd[3800]: Failed password for root from 122.225.109.196 port 22885 ssh2
Oct 28 16:02:22 headnode sshd[3764]: Failed password for root from 122.225.109.196 port 20736 ssh2
Oct 28 16:02:24 headnode sshd[3800]: Failed password for root from 122.225.109.196 port 22885 ssh2
Oct 28 16:02:25 headnode sshd[3764]: Failed password for root from 122.225.109.196 port 20736 ssh2
Oct 28 16:02:25 headnode sshd[3764]: Disconnecting: Too many authentication failures for root [preauth]
Oct 28 16:02:25 headnode sshd[3764]: PAM 5 more authentication failures; logname= uid=0 euid=0 tty=ssh ruser= rhost=122.225.109.196  user=root
Oct 28 16:02:25 headnode sshd[3764]: PAM service(sshd) ignoring max retries; 6 > 3
Oct 28 16:02:26 headnode sshd[3800]: Failed password for root from 122.225.109.196 port 22885 ssh2
Oct 28 16:02:28 headnode sshd[3800]: Failed password for root from 122.225.109.196 port 22885 ssh2
Oct 28 16:02:29 headnode sshd[3802]: pam_unix(sshd:auth): authentication failure; logname= uid=0 euid=0 tty=ssh ruser= rhost=122.225.109.196  user=root
Oct 28 16:02:31 headnode sshd[3802]: Failed password for root from 122.225.109.196 port 25382 ssh2
Oct 28 16:02:31 headnode sshd[3800]: Failed password for root from 122.225.109.196 port 22885 ssh2
Oct 28 16:02:34 headnode sshd[3802]: Failed password for root from 122.225.109.196 port 25382 ssh2
Oct 28 16:02:34 headnode sshd[3800]: Failed password for root from 122.225.109.196 port 22885 ssh2
Oct 28 16:02:34 headnode sshd[3800]: Disconnecting: Too many authentication failures for root [preauth]
Oct 28 16:02:34 headnode sshd[3800]: PAM 5 more authentication failures; logname= uid=0 euid=0 tty=ssh ruser= rhost=122.225.109.196  user=root
Oct 28 16:02:34 headnode sshd[3800]: PAM service(sshd) ignoring max retries; 6 > 3
Oct 28 16:02:36 headnode sshd[3802]: Failed password for root from 122.225.109.196 port 25382 ssh2
Oct 28 16:02:37 headnode sshd[3804]: pam_unix(sshd:auth): authentication failure; logname= uid=0 euid=0 tty=ssh ruser= rhost=122.225.109.196  user=root
Oct 28 16:02:39 headnode sshd[3802]: Failed password for root from 122.225.109.196 port 25382 ssh2
Oct 28 16:02:40 headnode sshd[3804]: Failed password for root from 122.225.109.196 port 26997 ssh2
Oct 28 16:02:41 headnode sshd[3802]: Failed password for root from 122.225.109.196 port 25382 ssh2
Oct 28 16:02:42 headnode sshd[3804]: Failed password for root from 122.225.109.196 port 26997 ssh2
Oct 28 16:02:42 headnode sshd[3806]: Invalid user admin from 122.225.109.196
Oct 28 16:02:42 headnode sshd[3806]: input_userauth_request: invalid user admin [preauth]
Oct 28 16:02:43 headnode sshd[3806]: pam_unix(sshd:auth): check pass; user unknown
Oct 28 16:02:43 headnode sshd[3806]: pam_unix(sshd:auth): authentication failure; logname= uid=0 euid=0 tty=ssh ruser= rhost=122.225.109.196 
Oct 28 16:02:43 headnode sshd[3802]: Failed password for root from 122.225.109.196 port 25382 ssh2
Oct 28 16:02:43 headnode sshd[3802]: Disconnecting: Too many authentication failures for root [preauth]
Oct 28 16:02:43 headnode sshd[3802]: PAM 5 more authentication failures; logname= uid=0 euid=0 tty=ssh ruser= rhost=122.225.109.196  user=root
Oct 28 16:02:43 headnode sshd[3802]: PAM service(sshd) ignoring max retries; 6 > 3
Oct 28 16:02:45 headnode sshd[3804]: Failed password for root from 122.225.109.196 port 26997 ssh2
Oct 28 16:02:45 headnode sshd[3806]: Failed password for invalid user admin from 122.225.109.196 port 29422 ssh2
Oct 28 16:02:46 headnode sshd[3806]: pam_unix(sshd:auth): check pass; user unknown
Oct 28 16:02:47 headnode sshd[3808]: pam_unix(sshd:auth): authentication failure; logname= uid=0 euid=0 tty=ssh ruser= rhost=122.225.109.196  user=root
Oct 28 16:02:47 headnode sshd[3806]: Failed password for invalid user admin from 122.225.109.196 port 29422 ssh2
Oct 28 16:02:47 headnode sshd[3804]: Failed password for root from 122.225.109.196 port 26997 ssh2
Oct 28 16:02:49 headnode sshd[3806]: pam_unix(sshd:auth): check pass; user unknown
Oct 28 16:02:49 headnode sshd[3808]: Failed password for root from 122.225.109.196 port 31742 ssh2
Oct 28 16:02:50 headnode sshd[3804]: Failed password for root from 122.225.109.196 port 26997 ssh2
Oct 28 16:02:51 headnode sshd[3806]: Failed password for invalid user admin from 122.225.109.196 port 29422 ssh2
Oct 28 16:02:51 headnode sshd[3806]: pam_unix(sshd:auth): check pass; user unknown
Oct 28 16:02:51 headnode sshd[3808]: Failed password for root from 122.225.109.196 port 31742 ssh2
Oct 28 16:02:52 headnode sshd[3804]: Failed password for root from 122.225.109.196 port 26997 ssh2
Oct 28 16:02:52 headnode sshd[3804]: Disconnecting: Too many authentication failures for root [preauth]
Oct 28 16:02:52 headnode sshd[3804]: PAM 5 more authentication failures; logname= uid=0 euid=0 tty=ssh ruser= rhost=122.225.109.196  user=root
Oct 28 16:02:52 headnode sshd[3804]: PAM service(sshd) ignoring max retries; 6 > 3
Oct 28 16:02:52 headnode sshd[3806]: Failed password for invalid user admin from 122.225.109.196 port 29422 ssh2
Oct 28 16:02:53 headnode sshd[3806]: pam_unix(sshd:auth): check pass; user unknown
Oct 28 16:02:54 headnode sshd[3808]: Failed password for root from 122.225.109.196 port 31742 ssh2
Oct 28 16:02:55 headnode sshd[3806]: Failed password for invalid user admin from 122.225.109.196 port 29422 ssh2
Oct 28 16:02:55 headnode sshd[3806]: pam_unix(sshd:auth): check pass; user unknown
Oct 28 16:02:56 headnode sshd[3808]: Failed password for root from 122.225.109.196 port 31742 ssh2
Oct 28 16:02:57 headnode sshd[3810]: pam_unix(sshd:auth): authentication failure; logname= uid=0 euid=0 tty=ssh ruser= rhost=122.225.109.196  user=root
Oct 28 16:02:58 headnode sshd[3806]: Failed password for invalid user admin from 122.225.109.196 port 29422 ssh2
Oct 28 16:02:58 headnode sshd[3806]: Disconnecting: Too many authentication failures for admin [preauth]
Oct 28 16:02:58 headnode sshd[3806]: PAM 5 more authentication failures; logname= uid=0 euid=0 tty=ssh ruser= rhost=122.225.109.196 
Oct 28 16:02:58 headnode sshd[3806]: PAM service(sshd) ignoring max retries; 6 > 3
Oct 28 16:02:58 headnode sshd[3810]: Failed password for root from 122.225.109.196 port 33831 ssh2
Oct 28 16:02:58 headnode sshd[3808]: Failed password for root from 122.225.109.196 port 31742 ssh2
Oct 28 16:03:00 headnode sshd[3808]: Failed password for root from 122.225.109.196 port 31742 ssh2
Oct 28 16:03:00 headnode sshd[3808]: Disconnecting: Too many authentication failures for root [preauth]
Oct 28 16:03:00 headnode sshd[3808]: PAM 5 more authentication failures; logname= uid=0 euid=0 tty=ssh ruser= rhost=122.225.109.196  user=root
Oct 28 16:03:00 headnode sshd[3808]: PAM service(sshd) ignoring max retries; 6 > 3
Oct 28 16:03:00 headnode sshd[3810]: Failed password for root from 122.225.109.196 port 33831 ssh2
Oct 28 16:03:00 headnode sshd[3812]: Invalid user admin from 122.225.109.196
Oct 28 16:03:00 headnode sshd[3812]: input_userauth_request: invalid user admin [preauth]
Oct 28 16:03:01 headnode sshd[3812]: pam_unix(sshd:auth): check pass; user unknown
Oct 28 16:03:01 headnode sshd[3812]: pam_unix(sshd:auth): authentication failure; logname= uid=0 euid=0 tty=ssh ruser= rhost=122.225.109.196 
Oct 28 16:03:03 headnode sshd[3812]: Failed password for invalid user admin from 122.225.109.196 port 35374 ssh2
Oct 28 16:03:03 headnode sshd[3810]: Failed password for root from 122.225.109.196 port 33831 ssh2
Oct 28 16:03:03 headnode sshd[3812]: pam_unix(sshd:auth): check pass; user unknown
Oct 28 16:03:04 headnode sshd[3814]: pam_unix(sshd:auth): authentication failure; logname= uid=0 euid=0 tty=ssh ruser= rhost=122.225.109.196  user=root
Oct 28 16:03:05 headnode sshd[3812]: Failed password for invalid user admin from 122.225.109.196 port 35374 ssh2
Oct 28 16:03:05 headnode sshd[3810]: Failed password for root from 122.225.109.196 port 33831 ssh2
Oct 28 16:03:05 headnode sshd[3812]: pam_unix(sshd:auth): check pass; user unknown
Oct 28 16:03:06 headnode sshd[3814]: Failed password for root from 122.225.109.196 port 35973 ssh2
Oct 28 16:03:08 headnode sshd[3812]: Failed password for invalid user admin from 122.225.109.196 port 35374 ssh2
Oct 28 16:03:08 headnode sshd[3812]: pam_unix(sshd:auth): check pass; user unknown
Oct 28 16:03:08 headnode sshd[3810]: Failed password for root from 122.225.109.196 port 33831 ssh2
Oct 28 16:03:09 headnode sshd[3814]: Failed password for root from 122.225.109.196 port 35973 ssh2
Oct 28 16:03:10 headnode sshd[3810]: Failed password for root from 122.225.109.196 port 33831 ssh2
Oct 28 16:03:10 headnode sshd[3810]: Disconnecting: Too many authentication failures for root [preauth]
Oct 28 16:03:10 headnode sshd[3810]: PAM 5 more authentication failures; logname= uid=0 euid=0 tty=ssh ruser= rhost=122.225.109.196  user=root
Oct 28 16:03:10 headnode sshd[3810]: PAM service(sshd) ignoring max retries; 6 > 3
Oct 28 16:03:11 headnode sshd[3812]: Failed password for invalid user admin from 122.225.109.196 port 35374 ssh2
Oct 28 16:03:11 headnode sshd[3814]: Failed password for root from 122.225.109.196 port 35973 ssh2
Oct 28 16:03:11 headnode sshd[3812]: pam_unix(sshd:auth): check pass; user unknown
Oct 28 16:03:12 headnode sshd[3812]: Failed password for invalid user admin from 122.225.109.196 port 35374 ssh2
Oct 28 16:03:13 headnode sshd[3814]: Failed password for root from 122.225.109.196 port 35973 ssh2
Oct 28 16:03:13 headnode sshd[3812]: pam_unix(sshd:auth): check pass; user unknown
Oct 28 16:03:14 headnode sshd[3816]: pam_unix(sshd:auth): authentication failure; logname= uid=0 euid=0 tty=ssh ruser= rhost=122.225.109.196  user=root
Oct 28 16:03:15 headnode sshd[3812]: Failed password for invalid user admin from 122.225.109.196 port 35374 ssh2
Oct 28 16:03:15 headnode sshd[3812]: Disconnecting: Too many authentication failures for admin [preauth]
Oct 28 16:03:15 headnode sshd[3812]: PAM 5 more authentication failures; logname= uid=0 euid=0 tty=ssh ruser= rhost=122.225.109.196 
Oct 28 16:03:15 headnode sshd[3812]: PAM service(sshd) ignoring max retries; 6 > 3
Oct 28 16:03:15 headnode sshd[3814]: Failed password for root from 122.225.109.196 port 35973 ssh2
Oct 28 16:03:16 headnode sshd[3816]: Failed password for root from 122.225.109.196 port 40696 ssh2
Oct 28 16:03:17 headnode sshd[3818]: Invalid user admin from 122.225.109.196
Oct 28 16:03:17 headnode sshd[3818]: input_userauth_request: invalid user admin [preauth]
Oct 28 16:03:18 headnode sshd[3818]: pam_unix(sshd:auth): check pass; user unknown
Oct 28 16:03:18 headnode sshd[3818]: pam_unix(sshd:auth): authentication failure; logname= uid=0 euid=0 tty=ssh ruser= rhost=122.225.109.196 
Oct 28 16:03:18 headnode sshd[3814]: Failed password for root from 122.225.109.196 port 35973 ssh2
Oct 28 16:03:18 headnode sshd[3814]: Disconnecting: Too many authentication failures for root [preauth]
Oct 28 16:03:18 headnode sshd[3814]: PAM 5 more authentication failures; logname= uid=0 euid=0 tty=ssh ruser= rhost=122.225.109.196  user=root
Oct 28 16:03:18 headnode sshd[3814]: PAM service(sshd) ignoring max retries; 6 > 3
Oct 28 16:03:18 headnode sshd[3816]: Failed password for root from 122.225.109.196 port 40696 ssh2
Oct 28 16:03:20 headnode sshd[3818]: Failed password for invalid user admin from 122.225.109.196 port 41982 ssh2
Oct 28 16:03:20 headnode sshd[3818]: pam_unix(sshd:auth): check pass; user unknown
Oct 28 16:03:21 headnode sshd[3816]: Failed password for root from 122.225.109.196 port 40696 ssh2
Oct 28 16:03:21 headnode sshd[3820]: pam_unix(sshd:auth): authentication failure; logname= uid=0 euid=0 tty=ssh ruser= rhost=122.225.109.196  user=root
